<html>
<body>
<pre>
<h1>µVision Build Log</h1>
<h2>Tool Versions:</h2>
IDE-Version: ¦ÌVision V5.41.0.0
Copyright (C) 2024 ARM Ltd and ARM Germany GmbH. All rights reserved.
License Information: fbird Yu, DG, LIC=32B1Q-NLQTZ-SB0EJ-U7D7T-UEXBS-1THYN
 
Tool Versions:
Toolchain:       MDK-ARM Plus  Version: 5.41.0.0
Toolchain Path:  D:\ProgramFiles\Keil_v5\ARM\ARMCLANG\Bin
C Compiler:      ArmClang.exe V6.22
Assembler:       Armasm.exe V6.22
Linker/Locator:  ArmLink.exe V6.22
Library Manager: ArmAr.exe V6.22
Hex Converter:   FromElf.exe V6.22
CPU DLL:         SARMCM3.DLL V5.41.0.0
Dialog DLL:      DCM.DLL V1.17.5.0
Target DLL:      UL2CM3.DLL V1.164.14.0
Dialog DLL:      TCM.DLL V1.56.4.0
 
<h2>Project:</h2>
D:\Fbird_Code\STM32_Study\FireEmbed\LED_REG\LED_REG.uvprojx
Project File Date:  09/21/2025

<h2>Output:</h2>
*** Using Compiler 'V6.22', folder: 'D:\ProgramFiles\Keil_v5\ARM\ARMCLANG\Bin'
Rebuild target 'STM32_F103_ZET'
compiling main.c...
assembling startup_stm32f10x_hd.s...
linking...
Program Size: Code=144 RO-data=320 RW-data=0 ZI-data=1024  
FromELF: creating hex file...
".\Objects\LED_REG.axf" - 0 Error(s), 0 Warning(s).

<h2>Software Packages used:</h2>

Package Vendor: Keil
                https://www.keil.com/pack/Keil.STM32F1xx_DFP.2.4.1.pack
                Keil::STM32F1xx_DFP@2.4.1
                STMicroelectronics STM32F1 Series Device Support, Drivers and Examples

<h2>Collection of Component include folders:</h2>
  D:/ProgramFiles/Arm/Packs/Keil/STM32F1xx_DFP/2.4.1/Device/Include

<h2>Collection of Component Files used:</h2>
Build Time Elapsed:  00:00:02
</pre>
</body>
</html>
